Apr 24 23:47:38 MacBookPro com.apple.ibtool[49438] <Error>: Unable to deliver request ({
	    "developer_dir" = "/Applications/Xcode.app/Contents/Developer";
	    request = "set_developer_dir";
	}) because we are not connected to CoreSimulatorService.
Apr 24 23:47:38 MacBookPro com.apple.ibtool[49439] <Error>: Unable to deliver request ({
	    "developer_dir" = "/Applications/Xcode.app/Contents/Developer";
	    request = "set_developer_dir";
	}) because we are not connected to CoreSimulatorService.
Apr 24 23:47:38 MacBookPro com.apple.ibtool[49438] <Warning>: Unable to discover any Simulator runtimes. Developer Directory is /Applications/Xcode.app/Contents/Developer.
Apr 24 23:47:38 MacBookPro com.apple.ibtool[49438] <Error>: simdiskimaged connection is currently unavailable because connection became invalid
Apr 24 23:47:38 MacBookPro com.apple.ibtool[49438] <Error>: Could not get list of trusted mount directories: Error Domain=com.apple.CoreSimulator.SimError Code=409 "Cannot talk to the service used to manage runtime disk images (simdiskimaged) because its launchd job is not registered or was unloaded" UserInfo={NSLocalizedDescription=Cannot talk to the service used to manage runtime disk images (simdiskimaged) because its launchd job is not registered or was unloaded}
Apr 24 23:47:38 MacBookPro com.apple.ibtool[49438] <Error>: Could not kickstart simdiskimaged; SimDiskImageManager services will not be available: Error Domain=NSPOSIXErrorDomain Code=53 "Software caused connection abort" UserInfo={NSLocalizedDescription=Error returned in reply from CoreSimulatorService: Connection invalid}
Apr 24 23:47:38 MacBookPro com.apple.ibtool[49438] <Error>: simdiskimaged connection is currently unavailable because connection became invalid
Apr 24 23:47:38 MacBookPro com.apple.ibtool[49438] <Error>: Unable to deliver request ({
	    request = "notification_subscription";
	    "set_path" = "/Users/israelmanzo/Library/Developer/CoreSimulator/Devices";
	}) because we are not connected to CoreSimulatorService.
Apr 24 23:47:38 MacBookPro com.apple.ibtool[49439] <Warning>: Unable to discover any Simulator runtimes. Developer Directory is /Applications/Xcode.app/Contents/Developer.
Apr 24 23:47:38 MacBookPro com.apple.ibtool[49439] <Error>: Unable to deliver request ({
	    request = "notification_subscription";
	    "set_path" = "/Users/israelmanzo/Library/Developer/CoreSimulator/Devices";
	}) because we are not connected to CoreSimulatorService.
Apr 24 23:47:38 MacBookPro com.apple.ibtool[49439] <Error>: simdiskimaged connection is currently unavailable because connection became invalid
Apr 24 23:47:38 MacBookPro com.apple.ibtool[49439] <Error>: Could not kickstart simdiskimaged; SimDiskImageManager services will not be available: Error Domain=NSPOSIXErrorDomain Code=53 "Software caused connection abort" UserInfo={NSLocalizedDescription=Error returned in reply from CoreSimulatorService: Connection invalid}
Apr 24 23:47:38 MacBookPro com.apple.ibtool[49439] <Error>: simdiskimaged connection is currently unavailable because connection became invalid
Apr 24 23:47:38 MacBookPro com.apple.ibtool[49439] <Error>: Could not get list of trusted mount directories: Error Domain=com.apple.CoreSimulator.SimError Code=409 "Cannot talk to the service used to manage runtime disk images (simdiskimaged) because its launchd job is not registered or was unloaded" UserInfo={NSLocalizedDescription=Cannot talk to the service used to manage runtime disk images (simdiskimaged) because its launchd job is not registered or was unloaded}
Apr 24 23:47:39 MacBookPro com.apple.ibtool[49458] <Error>: Unable to deliver request ({
	    "developer_dir" = "/Applications/Xcode.app/Contents/Developer";
	    request = "set_developer_dir";
	}) because we are not connected to CoreSimulatorService.
Apr 24 23:47:39 MacBookPro com.apple.ibtool[49458] <Warning>: Unable to discover any Simulator runtimes. Developer Directory is /Applications/Xcode.app/Contents/Developer.
Apr 24 23:47:39 MacBookPro com.apple.ibtool[49458] <Error>: Could not kickstart simdiskimaged; SimDiskImageManager services will not be available: Error Domain=NSPOSIXErrorDomain Code=53 "Software caused connection abort" UserInfo={NSLocalizedDescription=Error returned in reply from CoreSimulatorService: Connection invalid}
Apr 24 23:47:39 MacBookPro com.apple.ibtool[49458] <Error>: simdiskimaged returned error (invalid), marking disconnected.
Apr 24 23:47:39 MacBookPro com.apple.ibtool[49458] <Error>: simdiskimaged returned error (invalid), marking disconnected.
Apr 24 23:47:39 MacBookPro com.apple.ibtool[49458] <Error>: Could not get list of trusted mount directories: Error Domain=com.apple.CoreSimulator.SimError Code=410 "The service used to manage runtime disk images (simdiskimaged) crashed or is not responding" UserInfo={NSLocalizedDescription=The service used to manage runtime disk images (simdiskimaged) crashed or is not responding}
Apr 24 23:47:39 MacBookPro com.apple.ibtool[49458] <Error>: Unable to deliver request ({
	    request = "notification_subscription";
	    "set_path" = "/Users/israelmanzo/Library/Developer/CoreSimulator/Devices";
	}) because we are not connected to CoreSimulatorService.
Apr 24 23:47:42 MacBookPro com.apple.ibtool[49478] <Error>: Unable to deliver request ({
	    "developer_dir" = "/Applications/Xcode.app/Contents/Developer";
	    request = "set_developer_dir";
	}) because we are not connected to CoreSimulatorService.
Apr 24 23:47:42 MacBookPro com.apple.ibtool[49476] <Error>: Unable to deliver request ({
	    "developer_dir" = "/Applications/Xcode.app/Contents/Developer";
	    request = "set_developer_dir";
	}) because we are not connected to CoreSimulatorService.
Apr 24 23:47:42 MacBookPro com.apple.ibtool[49474] <Error>: Unable to deliver request ({
	    "developer_dir" = "/Applications/Xcode.app/Contents/Developer";
	    request = "set_developer_dir";
	}) because we are not connected to CoreSimulatorService.
Apr 24 23:47:42 MacBookPro com.apple.ibtool[49474] <Error>: Unable to deliver request ({
	    "developer_dir" = "/Applications/Xcode.app/Contents/Developer";
	    request = "set_developer_dir";
	}) because we are not connected to CoreSimulatorService.
Apr 24 23:47:42 MacBookPro com.apple.ibtool[49476] <Warning>: Unable to discover any Simulator runtimes. Developer Directory is /Applications/Xcode.app/Contents/Developer.
Apr 24 23:47:42 MacBookPro com.apple.ibtool[49476] <Error>: Could not kickstart simdiskimaged; SimDiskImageManager services will not be available: Error Domain=NSPOSIXErrorDomain Code=53 "Software caused connection abort" UserInfo={NSLocalizedDescription=Error returned in reply from CoreSimulatorService: Connection invalid}
Apr 24 23:47:42 MacBookPro com.apple.ibtool[49476] <Error>: Unable to deliver request ({
	    request = "notification_subscription";
	    "set_path" = "/Users/israelmanzo/Library/Developer/CoreSimulator/Devices";
	}) because we are not connected to CoreSimulatorService.
Apr 24 23:47:42 MacBookPro com.apple.ibtool[49476] <Error>: Could not get list of trusted mount directories: Error Domain=com.apple.CoreSimulator.SimError Code=410 "The service used to manage runtime disk images (simdiskimaged) crashed or is not responding" UserInfo={NSLocalizedDescription=The service used to manage runtime disk images (simdiskimaged) crashed or is not responding}
Apr 24 23:47:42 MacBookPro com.apple.ibtool[49476] <Error>: simdiskimaged returned error (invalid), marking disconnected.
Apr 24 23:47:42 MacBookPro com.apple.ibtool[49476] <Error>: simdiskimaged returned error (invalid), marking disconnected.
Apr 24 23:47:43 MacBookPro com.apple.ibtool[49474] <Warning>: Unable to discover any Simulator runtimes. Developer Directory is /Applications/Xcode.app/Contents/Developer.
Apr 24 23:47:43 MacBookPro com.apple.ibtool[49474] <Error>: Could not kickstart simdiskimaged; SimDiskImageManager services will not be available: Error Domain=NSPOSIXErrorDomain Code=53 "Software caused connection abort" UserInfo={NSLocalizedDescription=Error returned in reply from CoreSimulatorService: Connection invalid}
Apr 24 23:47:43 MacBookPro com.apple.ibtool[49474] <Error>: Could not get list of trusted mount directories: Error Domain=com.apple.CoreSimulator.SimError Code=410 "The service used to manage runtime disk images (simdiskimaged) crashed or is not responding" UserInfo={NSLocalizedDescription=The service used to manage runtime disk images (simdiskimaged) crashed or is not responding}
Apr 24 23:47:43 MacBookPro com.apple.ibtool[49474] <Error>: simdiskimaged returned error (invalid), marking disconnected.
Apr 24 23:47:43 MacBookPro com.apple.ibtool[49474] <Error>: simdiskimaged returned error (invalid), marking disconnected.
Apr 24 23:47:43 MacBookPro com.apple.ibtool[49474] <Error>: Unable to deliver request ({
	    path = "/Applications/Xcode.app/Contents/PlugIns/IDEInterfaceBuilderiOSIntegration.framework/Resources";
	    request = "add_profiles";
	}) because we are not connected to CoreSimulatorService.
Apr 24 23:47:43 MacBookPro com.apple.ibtool[49474] <Error>: Unable to deliver request ({
	    path = "/Applications/Xcode.app/Contents/Developer/Platforms/AppleTVSimulator.platform/Developer/Library/Xcode/PrivatePlugIns/IDEInterfaceBuilderAppleTVIntegration.framework/Resources";
	    request = "add_profiles";
	}) because we are not connected to CoreSimulatorService.
