Apr 24 23:17:17 MacBookPro com.apple.ibtool[42787] <Error>: Unable to deliver request ({
	    "developer_dir" = "/Applications/Xcode.app/Contents/Developer";
	    request = "set_developer_dir";
	}) because we are not connected to CoreSimulatorService.
Apr 24 23:17:17 MacBookPro com.apple.ibtool[42788] <Error>: Unable to deliver request ({
	    "developer_dir" = "/Applications/Xcode.app/Contents/Developer";
	    request = "set_developer_dir";
	}) because we are not connected to CoreSimulatorService.
Apr 24 23:17:17 MacBookPro com.apple.ibtool[42787] <Warning>: Unable to discover any Simulator runtimes. Developer Directory is /Applications/Xcode.app/Contents/Developer.
Apr 24 23:17:17 MacBookPro com.apple.ibtool[42787] <Error>: Could not kickstart simdiskimaged; SimDiskImageManager services will not be available: Error Domain=NSPOSIXErrorDomain Code=53 "Software caused connection abort" UserInfo={NSLocalizedDescription=Error returned in reply from CoreSimulatorService: Connection invalid}
Apr 24 23:17:17 MacBookPro com.apple.ibtool[42787] <Error>: simdiskimaged returned error (invalid), marking disconnected.
Apr 24 23:17:17 MacBookPro com.apple.ibtool[42787] <Error>: simdiskimaged returned error (invalid), marking disconnected.
Apr 24 23:17:17 MacBookPro com.apple.ibtool[42787] <Error>: Could not get list of trusted mount directories: Error Domain=com.apple.CoreSimulator.SimError Code=410 "The service used to manage runtime disk images (simdiskimaged) crashed or is not responding" UserInfo={NSLocalizedDescription=The service used to manage runtime disk images (simdiskimaged) crashed or is not responding}
Apr 24 23:17:17 MacBookPro com.apple.ibtool[42787] <Error>: Unable to deliver request ({
	    request = "notification_subscription";
	    "set_path" = "/Users/israelmanzo/Library/Developer/CoreSimulator/Devices";
	}) because we are not connected to CoreSimulatorService.
Apr 24 23:17:17 MacBookPro com.apple.ibtool[42788] <Warning>: Unable to discover any Simulator runtimes. Developer Directory is /Applications/Xcode.app/Contents/Developer.
Apr 24 23:17:17 MacBookPro com.apple.ibtool[42788] <Error>: Could not get list of trusted mount directories: Error Domain=com.apple.CoreSimulator.SimError Code=410 "The service used to manage runtime disk images (simdiskimaged) crashed or is not responding" UserInfo={NSLocalizedDescription=The service used to manage runtime disk images (simdiskimaged) crashed or is not responding}
Apr 24 23:17:17 MacBookPro com.apple.ibtool[42788] <Error>: Could not kickstart simdiskimaged; SimDiskImageManager services will not be available: Error Domain=NSPOSIXErrorDomain Code=53 "Software caused connection abort" UserInfo={NSLocalizedDescription=Error returned in reply from CoreSimulatorService: Connection invalid}
Apr 24 23:17:17 MacBookPro com.apple.ibtool[42788] <Error>: simdiskimaged returned error (invalid), marking disconnected.
Apr 24 23:17:17 MacBookPro com.apple.ibtool[42788] <Error>: simdiskimaged returned error (invalid), marking disconnected.
Apr 24 23:17:17 MacBookPro com.apple.ibtool[42788] <Error>: Unable to deliver request ({
	    request = "notification_subscription";
	    "set_path" = "/Users/israelmanzo/Library/Developer/CoreSimulator/Devices";
	}) because we are not connected to CoreSimulatorService.
Apr 24 23:17:18 MacBookPro com.apple.ibtool[42803] <Error>: Unable to deliver request ({
	    "developer_dir" = "/Applications/Xcode.app/Contents/Developer";
	    request = "set_developer_dir";
	}) because we are not connected to CoreSimulatorService.
Apr 24 23:17:18 MacBookPro com.apple.ibtool[42803] <Warning>: Unable to discover any Simulator runtimes. Developer Directory is /Applications/Xcode.app/Contents/Developer.
Apr 24 23:17:18 MacBookPro com.apple.ibtool[42803] <Error>: Could not kickstart simdiskimaged; SimDiskImageManager services will not be available: Error Domain=NSPOSIXErrorDomain Code=53 "Software caused connection abort" UserInfo={NSLocalizedDescription=Error returned in reply from CoreSimulatorService: Connection invalid}
Apr 24 23:17:18 MacBookPro com.apple.ibtool[42803] <Error>: simdiskimaged returned error (invalid), marking disconnected.
Apr 24 23:17:18 MacBookPro com.apple.ibtool[42803] <Error>: simdiskimaged returned error (invalid), marking disconnected.
Apr 24 23:17:18 MacBookPro com.apple.ibtool[42803] <Error>: Could not get list of trusted mount directories: Error Domain=com.apple.CoreSimulator.SimError Code=410 "The service used to manage runtime disk images (simdiskimaged) crashed or is not responding" UserInfo={NSLocalizedDescription=The service used to manage runtime disk images (simdiskimaged) crashed or is not responding}
Apr 24 23:17:18 MacBookPro com.apple.ibtool[42803] <Error>: Unable to deliver request ({
	    request = "notification_subscription";
	    "set_path" = "/Users/israelmanzo/Library/Developer/CoreSimulator/Devices";
	}) because we are not connected to CoreSimulatorService.
Apr 24 23:17:28 MacBookPro com.apple.ibtool[42864] <Error>: Unable to deliver request ({
	    "developer_dir" = "/Applications/Xcode.app/Contents/Developer";
	    request = "set_developer_dir";
	}) because we are not connected to CoreSimulatorService.
Apr 24 23:17:28 MacBookPro com.apple.ibtool[42865] <Error>: Unable to deliver request ({
	    "developer_dir" = "/Applications/Xcode.app/Contents/Developer";
	    request = "set_developer_dir";
	}) because we are not connected to CoreSimulatorService.
Apr 24 23:17:28 MacBookPro com.apple.ibtool[42864] <Warning>: Unable to discover any Simulator runtimes. Developer Directory is /Applications/Xcode.app/Contents/Developer.
Apr 24 23:17:28 MacBookPro com.apple.ibtool[42864] <Error>: simdiskimaged returned error (invalid), marking disconnected.
Apr 24 23:17:28 MacBookPro com.apple.ibtool[42864] <Error>: Could not kickstart simdiskimaged; SimDiskImageManager services will not be available: Error Domain=NSPOSIXErrorDomain Code=53 "Software caused connection abort" UserInfo={NSLocalizedDescription=Error returned in reply from CoreSimulatorService: Connection invalid}
Apr 24 23:17:28 MacBookPro com.apple.ibtool[42864] <Error>: simdiskimaged connection is currently unavailable because connection became invalid
Apr 24 23:17:28 MacBookPro com.apple.ibtool[42864] <Error>: Could not get list of trusted mount directories: Error Domain=com.apple.CoreSimulator.SimError Code=409 "Cannot talk to the service used to manage runtime disk images (simdiskimaged) because its launchd job is not registered or was unloaded" UserInfo={NSLocalizedDescription=Cannot talk to the service used to manage runtime disk images (simdiskimaged) because its launchd job is not registered or was unloaded}
Apr 24 23:17:28 MacBookPro com.apple.ibtool[42864] <Error>: Unable to deliver request ({
	    request = "notification_subscription";
	    "set_path" = "/Users/israelmanzo/Library/Developer/CoreSimulator/Devices";
	}) because we are not connected to CoreSimulatorService.
Apr 24 23:17:28 MacBookPro com.apple.ibtool[42865] <Warning>: Unable to discover any Simulator runtimes. Developer Directory is /Applications/Xcode.app/Contents/Developer.
Apr 24 23:17:28 MacBookPro com.apple.ibtool[42865] <Error>: Could not kickstart simdiskimaged; SimDiskImageManager services will not be available: Error Domain=NSPOSIXErrorDomain Code=53 "Software caused connection abort" UserInfo={NSLocalizedDescription=Error returned in reply from CoreSimulatorService: Connection invalid}
Apr 24 23:17:28 MacBookPro com.apple.ibtool[42865] <Error>: Could not get list of trusted mount directories: Error Domain=com.apple.CoreSimulator.SimError Code=410 "The service used to manage runtime disk images (simdiskimaged) crashed or is not responding" UserInfo={NSLocalizedDescription=The service used to manage runtime disk images (simdiskimaged) crashed or is not responding}
Apr 24 23:17:28 MacBookPro com.apple.ibtool[42865] <Error>: simdiskimaged returned error (invalid), marking disconnected.
Apr 24 23:17:28 MacBookPro com.apple.ibtool[42865] <Error>: simdiskimaged returned error (invalid), marking disconnected.
Apr 24 23:17:28 MacBookPro com.apple.ibtool[42865] <Error>: Unable to deliver request ({
	    request = "notification_subscription";
	    "set_path" = "/Users/israelmanzo/Library/Developer/CoreSimulator/Devices";
	}) because we are not connected to CoreSimulatorService.
Apr 24 23:17:30 MacBookPro com.apple.ibtool[42877] <Error>: Unable to deliver request ({
	    "developer_dir" = "/Applications/Xcode.app/Contents/Developer";
	    request = "set_developer_dir";
	}) because we are not connected to CoreSimulatorService.
Apr 24 23:17:30 MacBookPro com.apple.ibtool[42877] <Warning>: Unable to discover any Simulator runtimes. Developer Directory is /Applications/Xcode.app/Contents/Developer.
Apr 24 23:17:30 MacBookPro com.apple.ibtool[42877] <Error>: Could not kickstart simdiskimaged; SimDiskImageManager services will not be available: Error Domain=NSPOSIXErrorDomain Code=53 "Software caused connection abort" UserInfo={NSLocalizedDescription=Error returned in reply from CoreSimulatorService: Connection invalid}
Apr 24 23:17:30 MacBookPro com.apple.ibtool[42877] <Error>: simdiskimaged returned error (invalid), marking disconnected.
Apr 24 23:17:30 MacBookPro com.apple.ibtool[42877] <Error>: Could not get list of trusted mount directories: Error Domain=com.apple.CoreSimulator.SimError Code=410 "The service used to manage runtime disk images (simdiskimaged) crashed or is not responding" UserInfo={NSLocalizedDescription=The service used to manage runtime disk images (simdiskimaged) crashed or is not responding}
Apr 24 23:17:30 MacBookPro com.apple.ibtool[42877] <Error>: simdiskimaged returned error (invalid), marking disconnected.
Apr 24 23:17:30 MacBookPro com.apple.ibtool[42877] <Error>: Unable to deliver request ({
	    request = "notification_subscription";
	    "set_path" = "/Users/israelmanzo/Library/Developer/CoreSimulator/Devices";
	}) because we are not connected to CoreSimulatorService.
Apr 24 23:17:32 MacBookPro com.apple.ibtool[42897] <Error>: Unable to deliver request ({
	    "developer_dir" = "/Applications/Xcode.app/Contents/Developer";
	    request = "set_developer_dir";
	}) because we are not connected to CoreSimulatorService.
Apr 24 23:17:32 MacBookPro com.apple.ibtool[42895] <Error>: Unable to deliver request ({
	    "developer_dir" = "/Applications/Xcode.app/Contents/Developer";
	    request = "set_developer_dir";
	}) because we are not connected to CoreSimulatorService.
Apr 24 23:17:32 MacBookPro com.apple.ibtool[42896] <Error>: Unable to deliver request ({
	    "developer_dir" = "/Applications/Xcode.app/Contents/Developer";
	    request = "set_developer_dir";
	}) because we are not connected to CoreSimulatorService.
Apr 24 23:17:32 MacBookPro com.apple.ibtool[42900] <Error>: Unable to deliver request ({
	    "developer_dir" = "/Applications/Xcode.app/Contents/Developer";
	    request = "set_developer_dir";
	}) because we are not connected to CoreSimulatorService.
Apr 24 23:17:32 MacBookPro com.apple.ibtool[42900] <Warning>: Unable to discover any Simulator runtimes. Developer Directory is /Applications/Xcode.app/Contents/Developer.
Apr 24 23:17:32 MacBookPro com.apple.ibtool[42895] <Error>: simdiskimaged connection is currently unavailable because connection became invalid
Apr 24 23:17:32 MacBookPro com.apple.ibtool[42895] <Error>: Could not kickstart simdiskimaged; SimDiskImageManager services will not be available: Error Domain=NSPOSIXErrorDomain Code=53 "Software caused connection abort" UserInfo={NSLocalizedDescription=Error returned in reply from CoreSimulatorService: Connection invalid}
Apr 24 23:17:32 MacBookPro com.apple.ibtool[42895] <Error>: Could not get list of trusted mount directories: Error Domain=com.apple.CoreSimulator.SimError Code=409 "Cannot talk to the service used to manage runtime disk images (simdiskimaged) because its launchd job is not registered or was unloaded" UserInfo={NSLocalizedDescription=Cannot talk to the service used to manage runtime disk images (simdiskimaged) because its launchd job is not registered or was unloaded}
Apr 24 23:17:32 MacBookPro com.apple.ibtool[42900] <Error>: Could not kickstart simdiskimaged; SimDiskImageManager services will not be available: Error Domain=NSPOSIXErrorDomain Code=53 "Software caused connection abort" UserInfo={NSLocalizedDescription=Error returned in reply from CoreSimulatorService: Connection invalid}
Apr 24 23:17:32 MacBookPro com.apple.ibtool[42896] <Warning>: Unable to discover any Simulator runtimes. Developer Directory is /Applications/Xcode.app/Contents/Developer.
Apr 24 23:17:32 MacBookPro com.apple.ibtool[42895] <Warning>: Unable to discover any Simulator runtimes. Developer Directory is /Applications/Xcode.app/Contents/Developer.
Apr 24 23:17:32 MacBookPro com.apple.ibtool[42900] <Error>: Unable to deliver request ({
	    request = "notification_subscription";
	    "set_path" = "/Users/israelmanzo/Library/Developer/CoreSimulator/Devices";
	}) because we are not connected to CoreSimulatorService.
Apr 24 23:17:32 MacBookPro com.apple.ibtool[42896] <Error>: simdiskimaged returned error (invalid), marking disconnected.
Apr 24 23:17:32 MacBookPro com.apple.ibtool[42900] <Error>: simdiskimaged returned error (invalid), marking disconnected.
Apr 24 23:17:32 MacBookPro com.apple.ibtool[42897] <Warning>: Unable to discover any Simulator runtimes. Developer Directory is /Applications/Xcode.app/Contents/Developer.
Apr 24 23:17:32 MacBookPro com.apple.ibtool[42900] <Error>: simdiskimaged returned error (invalid), marking disconnected.
Apr 24 23:17:32 MacBookPro com.apple.ibtool[42896] <Error>: simdiskimaged returned error (invalid), marking disconnected.
Apr 24 23:17:32 MacBookPro com.apple.ibtool[42896] <Error>: Could not kickstart simdiskimaged; SimDiskImageManager services will not be available: Error Domain=NSPOSIXErrorDomain Code=53 "Software caused connection abort" UserInfo={NSLocalizedDescription=Error returned in reply from CoreSimulatorService: Connection invalid}
Apr 24 23:17:32 MacBookPro com.apple.ibtool[42897] <Error>: Could not get list of trusted mount directories: Error Domain=com.apple.CoreSimulator.SimError Code=410 "The service used to manage runtime disk images (simdiskimaged) crashed or is not responding" UserInfo={NSLocalizedDescription=The service used to manage runtime disk images (simdiskimaged) crashed or is not responding}
Apr 24 23:17:32 MacBookPro com.apple.ibtool[42897] <Error>: simdiskimaged returned error (invalid), marking disconnected.
Apr 24 23:17:32 MacBookPro com.apple.ibtool[42895] <Error>: simdiskimaged returned error (invalid), marking disconnected.
Apr 24 23:17:32 MacBookPro com.apple.ibtool[42896] <Error>: Unable to deliver request ({
	    request = "notification_subscription";
	    "set_path" = "/Users/israelmanzo/Library/Developer/CoreSimulator/Devices";
	}) because we are not connected to CoreSimulatorService.
Apr 24 23:17:32 MacBookPro com.apple.ibtool[42895] <Error>: Unable to deliver request ({
	    request = "notification_subscription";
	    "set_path" = "/Users/israelmanzo/Library/Developer/CoreSimulator/Devices";
	}) because we are not connected to CoreSimulatorService.
Apr 24 23:17:32 MacBookPro com.apple.ibtool[42896] <Error>: Could not get list of trusted mount directories: Error Domain=com.apple.CoreSimulator.SimError Code=410 "The service used to manage runtime disk images (simdiskimaged) crashed or is not responding" UserInfo={NSLocalizedDescription=The service used to manage runtime disk images (simdiskimaged) crashed or is not responding}
Apr 24 23:17:32 MacBookPro com.apple.ibtool[42900] <Error>: Could not get list of trusted mount directories: Error Domain=com.apple.CoreSimulator.SimError Code=410 "The service used to manage runtime disk images (simdiskimaged) crashed or is not responding" UserInfo={NSLocalizedDescription=The service used to manage runtime disk images (simdiskimaged) crashed or is not responding}
Apr 24 23:17:32 MacBookPro com.apple.ibtool[42897] <Error>: Unable to deliver request ({
	    request = "notification_subscription";
	    "set_path" = "/Users/israelmanzo/Library/Developer/CoreSimulator/Devices";
	}) because we are not connected to CoreSimulatorService.
Apr 24 23:17:32 MacBookPro com.apple.ibtool[42897] <Error>: Could not kickstart simdiskimaged; SimDiskImageManager services will not be available: Error Domain=NSPOSIXErrorDomain Code=53 "Software caused connection abort" UserInfo={NSLocalizedDescription=Error returned in reply from CoreSimulatorService: Connection invalid}
Apr 24 23:17:32 MacBookPro com.apple.ibtool[42897] <Error>: simdiskimaged returned error (invalid), marking disconnected.
Apr 24 23:17:32 MacBookPro com.apple.ibtool[42896] <Error>: Unable to deliver request ({
	    "developer_dir" = "/Applications/Xcode.app/Contents/Developer";
	    request = "set_developer_dir";
	}) because we are not connected to CoreSimulatorService.
Apr 24 23:17:32 MacBookPro com.apple.ibtool[42897] <Error>: Unable to deliver request ({
	    "developer_dir" = "/Applications/Xcode.app/Contents/Developer";
	    request = "set_developer_dir";
	}) because we are not connected to CoreSimulatorService.
Apr 24 23:17:32 MacBookPro com.apple.ibtool[42897] <Warning>: Unable to discover any Simulator runtimes. Developer Directory is /Applications/Xcode.app/Contents/Developer.
Apr 24 23:17:32 MacBookPro com.apple.ibtool[42896] <Warning>: Unable to discover any Simulator runtimes. Developer Directory is /Applications/Xcode.app/Contents/Developer.
Apr 24 23:17:32 MacBookPro com.apple.ibtool[42897] <Error>: simdiskimaged connection is currently unavailable because connection became invalid
Apr 24 23:17:32 MacBookPro com.apple.ibtool[42896] <Error>: simdiskimaged connection is currently unavailable because connection became invalid
Apr 24 23:17:32 MacBookPro com.apple.ibtool[42897] <Error>: Could not get list of trusted mount directories: Error Domain=com.apple.CoreSimulator.SimError Code=409 "Cannot talk to the service used to manage runtime disk images (simdiskimaged) because its launchd job is not registered or was unloaded" UserInfo={NSLocalizedDescription=Cannot talk to the service used to manage runtime disk images (simdiskimaged) because its launchd job is not registered or was unloaded}
Apr 24 23:17:32 MacBookPro com.apple.ibtool[42896] <Error>: Could not get list of trusted mount directories: Error Domain=com.apple.CoreSimulator.SimError Code=409 "Cannot talk to the service used to manage runtime disk images (simdiskimaged) because its launchd job is not registered or was unloaded" UserInfo={NSLocalizedDescription=Cannot talk to the service used to manage runtime disk images (simdiskimaged) because its launchd job is not registered or was unloaded}
Apr 24 23:17:32 MacBookPro com.apple.ibtool[42897] <Error>: Unable to deliver request ({
	    path = "/Applications/Xcode.app/Contents/PlugIns/IDEInterfaceBuilderiOSIntegration.framework/Resources";
	    request = "add_profiles";
	}) because we are not connected to CoreSimulatorService.
Apr 24 23:17:32 MacBookPro com.apple.ibtool[42896] <Error>: Unable to deliver request ({
	    path = "/Applications/Xcode.app/Contents/PlugIns/IDEInterfaceBuilderiOSIntegration.framework/Resources";
	    request = "add_profiles";
	}) because we are not connected to CoreSimulatorService.
Apr 24 23:17:32 MacBookPro com.apple.ibtool[42896] <Error>: Unable to deliver request ({
	    path = "/Applications/Xcode.app/Contents/Developer/Platforms/AppleTVSimulator.platform/Developer/Library/Xcode/PrivatePlugIns/IDEInterfaceBuilderAppleTVIntegration.framework/Resources";
	    request = "add_profiles";
	}) because we are not connected to CoreSimulatorService.
Apr 24 23:17:32 MacBookPro com.apple.ibtool[42897] <Error>: Unable to deliver request ({
	    path = "/Applications/Xcode.app/Contents/Developer/Platforms/AppleTVSimulator.platform/Developer/Library/Xcode/PrivatePlugIns/IDEInterfaceBuilderAppleTVIntegration.framework/Resources";
	    request = "add_profiles";
	}) because we are not connected to CoreSimulatorService.
